// Jest Snapshot v1, https://goo.gl/fbAQLP

exports[`constructGroups should build filter with empty badge 1`] = `
[
  <div
    style={
      {
        "display": "contents",
      }
    }
  >
    <div
      className="ins-c-tagfilter__option-value"
    >
      someKey=someValue
    </div>
  </div>,
  <div
    style={
      {
        "display": "contents",
      }
    }
  >
    <span
      className="pf-v6-c-badge pf-m-read"
    >
      0
    </span>
  </div>,
]
`;

exports[`constructGroups should render correctly 1`] = `
[
  <div
    style={
      {
        "display": "contents",
      }
    }
  >
    <div
      className="ins-c-tagfilter__option-value"
    >
      someKey=someValue
    </div>
  </div>,
  <div
    style={
      {
        "display": "contents",
      }
    }
  >
    <span
      className="pf-v6-c-badge pf-m-unread"
    >
      1
    </span>
  </div>,
]
`;
